/Odyssey/private/n23chahb/compet/RecSys-Benchmark/.venv/lib/python3.10/site-packages/ray/_private/parameter.py:4: UserWarning: pkg_resources is deprecated as an API. See https://setuptools.pypa.io/en/latest/pkg_resources.html. The pkg_resources package is slated for removal as early as 2025-11-30. Refrain from using this package or pin to Setuptools<81.
  import pkg_resources
command line args [--model SASRecF --dataset ml-1m --exp_name SASRecF_ml-1m --nproc 1 --config_files /Odyssey/private/n23chahb/compet/RecSys-Benchmark/RecBole/configs/models/SASRecF.yaml /Odyssey/private/n23chahb/compet/RecSys-Benchmark/RecBole/configs/datasets/ml.yaml /Odyssey/private/n23chahb/compet/RecSys-Benchmark/RecBole/configs/eval.yaml] will not be used in RecBole
18 Jan 02:42    INFO  ['run_recbole.py', '--model', 'SASRecF', '--dataset', 'ml-1m', '--exp_name', 'SASRecF_ml-1m', '--nproc', '1', '--config_files', '/Odyssey/private/n23chahb/compet/RecSys-Benchmark/RecBole/configs/models/SASRecF.yaml', '/Odyssey/private/n23chahb/compet/RecSys-Benchmark/RecBole/configs/datasets/ml.yaml', '/Odyssey/private/n23chahb/compet/RecSys-Benchmark/RecBole/configs/eval.yaml']
18 Jan 02:42    INFO  
General Hyper Parameters:
gpu_id = 0
use_gpu = True
seed = 42
state = INFO
reproducibility = True
data_path = /Odyssey/private/n23chahb/compet/RecSys-Benchmark/data-ml/ml-1m
checkpoint_dir = checkpoints/SASRecF_ml-1m
show_progress = True
save_dataset = False
dataset_save_path = None
save_dataloaders = False
dataloaders_save_path = None
log_wandb = False
resume_path = 

Training Hyper Parameters:
epochs = 1000
train_batch_size = 2048
learner = adam
learning_rate = 0.0001
train_neg_sample_args = {'distribution': 'none', 'sample_num': 'none', 'alpha': 'none', 'dynamic': False, 'candidate_num': 0}
eval_step = 1
stopping_step = 50
clip_grad_norm = {'max_norm': 1, 'norm_type': 2.0}
weight_decay = 0.0001
loss_decimal_place = 4

Evaluation Hyper Parameters:
eval_args = {'split': {'LS': 'valid_and_test'}, 'order': 'TO', 'group_by': 'user', 'mode': {'valid': 'full', 'test': 'full'}}
repeatable = True
metrics = ['Recall', 'MRR', 'NDCG', 'Hit', 'Precision']
topk = [1, 10, 20, 50]
valid_metric = NDCG@10
valid_metric_bigger = True
eval_batch_size = 4096
metric_decimal_place = 4

Dataset Hyper Parameters:
field_separator = 	
seq_separator =  
USER_ID_FIELD = user_id
ITEM_ID_FIELD = item_id
RATING_FIELD = rating
TIME_FIELD = timestamp
seq_len = None
LABEL_FIELD = label
threshold = None
NEG_PREFIX = neg_
load_col = {'inter': ['user_id', 'item_id', 'rating', 'timestamp'], 'item': ['item_id', 'movie_title', 'release_year', 'genre'], 'user': ['user_id', 'age', 'gender', 'occupation', 'zip']}
unload_col = None
unused_col = None
additional_feat_suffix = None
rm_dup_inter = None
val_interval = None
filter_inter_by_user_or_item = True
user_inter_num_interval = [0,inf)
item_inter_num_interval = [0,inf)
alias_of_user_id = None
alias_of_item_id = None
alias_of_entity_id = None
alias_of_relation_id = None
preload_weight = None
normalize_field = None
normalize_all = None
ITEM_LIST_LENGTH_FIELD = item_length
LIST_SUFFIX = _list
MAX_ITEM_LIST_LENGTH = 50
POSITION_FIELD = position_id
HEAD_ENTITY_ID_FIELD = head_id
TAIL_ENTITY_ID_FIELD = tail_id
RELATION_ID_FIELD = relation_id
ENTITY_ID_FIELD = entity_id
benchmark_filename = None

Other Hyper Parameters: 
worker = 0
wandb_project = RecSys-Benchmark
shuffle = True
require_pow = False
enable_amp = False
enable_scaler = False
transform = None
n_layers = 3
n_heads = 2
hidden_size = 128
inner_size = 256
hidden_dropout_prob = 0.2
attn_dropout_prob = 0.2
hidden_act = gelu
layer_norm_eps = 1e-08
initializer_range = 0.01
selected_features = ['genre']
pooling_mode = max
loss_type = CE
numerical_features = []
discretization = None
kg_reverse_r = False
entity_kg_num_interval = [0,inf)
relation_kg_num_interval = [0,inf)
MODEL_TYPE = ModelType.SEQUENTIAL
valid_neg_sample_args = {'distribution': 'uniform', 'sample_num': 'none'}
test_neg_sample_args = {'distribution': 'uniform', 'sample_num': 'none'}
save_step = 10
item_attribute = genre
aap_weight = 1.0
mip_weight = 0.2
eval_only = False
exp_name = SASRecF_ml-1m
MODEL_INPUT_TYPE = InputType.POINTWISE
eval_type = EvaluatorType.RANKING
single_spec = True
local_rank = 0
device = cuda


/Odyssey/private/n23chahb/compet/RecSys-Benchmark/RecBole/recbole/data/dataset/dataset.py:513: FutureWarning: A value is trying to be set on a copy of a DataFrame or Series through chained assignment using an inplace method.
The behavior will change in pandas 3.0. This inplace method will never work because the intermediate object on which we are setting values always behaves as a copy.

For example, when doing 'df[col].method(value, inplace=True)', try using 'df.method({col: value}, inplace=True)' or df[col] = df[col].method(value) instead, to perform the operation inplace on the original object.


  df[field].fillna(value="", inplace=True)
/Odyssey/private/n23chahb/compet/RecSys-Benchmark/RecBole/recbole/data/dataset/dataset.py:1229: FutureWarning: using <built-in function len> in Series.agg cannot aggregate and has been deprecated. Use Series.transform to keep behavior unchanged.
  split_point = np.cumsum(feat[field].agg(len))[:-1]
/Odyssey/private/n23chahb/compet/RecSys-Benchmark/RecBole/recbole/data/dataset/dataset.py:660: FutureWarning: A value is trying to be set on a copy of a DataFrame or Series through chained assignment using an inplace method.
The behavior will change in pandas 3.0. This inplace method will never work because the intermediate object on which we are setting values always behaves as a copy.

For example, when doing 'df[col].method(value, inplace=True)', try using 'df.method({col: value}, inplace=True)' or df[col] = df[col].method(value) instead, to perform the operation inplace on the original object.


  feat[field].fillna(value=0, inplace=True)
/Odyssey/private/n23chahb/compet/RecSys-Benchmark/RecBole/recbole/data/dataset/dataset.py:662: FutureWarning: A value is trying to be set on a copy of a DataFrame or Series through chained assignment using an inplace method.
The behavior will change in pandas 3.0. This inplace method will never work because the intermediate object on which we are setting values always behaves as a copy.

For example, when doing 'df[col].method(value, inplace=True)', try using 'df.method({col: value}, inplace=True)' or df[col] = df[col].method(value) instead, to perform the operation inplace on the original object.


  feat[field].fillna(value=feat[field].mean(), inplace=True)
18 Jan 02:42    INFO  ml-1m
The number of users: 6041
Average actions of users: 165.5975165562914
The number of items: 3884
Average actions of items: 269.88909875876953
The number of inters: 1000209
The sparsity of the dataset: 95.73712398848173%
Remain Fields: ['user_id', 'item_id', 'rating', 'timestamp', 'age', 'gender', 'occupation', 'movie_title', 'release_year', 'genre']
18 Jan 02:42    INFO  [Training]: train_batch_size = [2048] train_neg_sample_args: [{'distribution': 'none', 'sample_num': 'none', 'alpha': 'none', 'dynamic': False, 'candidate_num': 0}]
18 Jan 02:42    INFO  [Evaluation]: eval_batch_size = [4096] eval_args: [{'split': {'LS': 'valid_and_test'}, 'order': 'TO', 'group_by': 'user', 'mode': {'valid': 'full', 'test': 'full'}}]
18 Jan 02:42    INFO  SASRecF(
  (item_embedding): Embedding(3884, 128, padding_idx=0)
  (position_embedding): Embedding(50, 128)
  (feature_embed_layer): FeatureSeqEmbLayer(
    (token_embedding_table): ModuleDict()
    (float_embedding_table): ModuleDict()
    (token_seq_embedding_table): ModuleDict(
      (item): ModuleList(
        (0): Embedding(19, 128)
      )
    )
    (float_seq_embedding_table): ModuleDict(
      (item): ModuleList()
    )
  )
  (trm_encoder): TransformerEncoder(
    (layer): ModuleList(
      (0-2): 3 x TransformerLayer(
        (multi_head_attention): MultiHeadAttention(
          (query): Linear(in_features=128, out_features=128, bias=True)
          (key): Linear(in_features=128, out_features=128, bias=True)
          (value): Linear(in_features=128, out_features=128, bias=True)
          (softmax): Softmax(dim=-1)
          (attn_dropout): Dropout(p=0.2, inplace=False)
          (dense): Linear(in_features=128, out_features=128, bias=True)
          (LayerNorm): LayerNorm((128,), eps=1e-08, elementwise_affine=True)
          (out_dropout): Dropout(p=0.2, inplace=False)
        )
        (feed_forward): FeedForward(
          (dense_1): Linear(in_features=128, out_features=256, bias=True)
          (dense_2): Linear(in_features=256, out_features=128, bias=True)
          (LayerNorm): LayerNorm((128,), eps=1e-08, elementwise_affine=True)
          (dropout): Dropout(p=0.2, inplace=False)
        )
      )
    )
  )
  (concat_layer): Linear(in_features=256, out_features=128, bias=True)
  (LayerNorm): LayerNorm((128,), eps=1e-08, elementwise_affine=True)
  (dropout): Dropout(p=0.2, inplace=False)
  (loss_fct): CrossEntropyLoss()
)
Trainable parameters: 936576
Traceback (most recent call last):
  File "/Odyssey/private/n23chahb/compet/RecSys-Benchmark/RecBole/run_recbole.py", line 68, in <module>
    run(
  File "/Odyssey/private/n23chahb/compet/RecSys-Benchmark/RecBole/recbole/quick_start/quick_start.py", line 130, in run
    res = run_recbole(
  File "/Odyssey/private/n23chahb/compet/RecSys-Benchmark/RecBole/recbole/quick_start/quick_start.py", line 222, in run_recbole
    flops = get_flops(model, dataset, config["device"], logger, transform)
  File "/Odyssey/private/n23chahb/compet/RecSys-Benchmark/RecBole/recbole/utils/utils.py", line 347, in get_flops
    wrapper(*inputs)
  File "/Odyssey/private/n23chahb/compet/RecSys-Benchmark/.venv/lib/python3.10/site-packages/torch/nn/modules/module.py", line 1736, in _wrapped_call_impl
    return self._call_impl(*args, **kwargs)
  File "/Odyssey/private/n23chahb/compet/RecSys-Benchmark/.venv/lib/python3.10/site-packages/torch/nn/modules/module.py", line 1747, in _call_impl
    return forward_call(*args, **kwargs)
  File "/Odyssey/private/n23chahb/compet/RecSys-Benchmark/RecBole/recbole/utils/utils.py", line 288, in forward
    return self.model.predict(interaction)
  File "/Odyssey/private/n23chahb/compet/RecSys-Benchmark/RecBole/recbole/model/sequential_recommender/sasrecf.py", line 218, in predict
    candidates = interaction.get(self.CANDIDATES, None)
  File "/Odyssey/private/n23chahb/compet/RecSys-Benchmark/RecBole/recbole/data/interaction.py", line 131, in __getattr__
    raise AttributeError(f"'Interaction' object has no attribute '{item}'")
AttributeError: 'Interaction' object has no attribute 'get'
